     1                                  ;Sa se citeasca de la tastatura un octet si un cuvant. Sa se afiseze pe ecran daca bitii octetului citit se regasesc consecutiv printre bitii cuvantului. Exemplu: a = 10 = 0000 1010b b = 256 = 0000 0001 0000 0000b P
     2                                  
     3                                  bits 32
     4                                  global start
     5                                  extern exit,printf,scanf
     6                                  import exit msvcrt.dll
     7                                  import printf msvcrt.dll
     8                                  import scanf msvcrt.dll
     9                                  
    10                                  segment data use32 class=data
    11                                  
    12 00000000 <res 00000001>          a resb 1
    13 00000001 <res 00000002>          b resw 1
    14 00000003 613D2000                mesaj1 db "a= ", 0
    15 00000007 623D2000                mesaj2 db "b= ", 0
    16 0000000B 257800                  format1 db "%x", 0
    17 0000000E 646100                  mesaj3 db "da", 0
    18 00000011 6E7500                  mesaj4 db "nu", 0
    19                                  
    20                                  segment code use32 class=code
    21                                  
    22                                  start:
    23                                          
    24 00000000 68[03000000]                push dword mesaj1
    25 00000005 FF15[00000000]              call [printf]
    26 0000000B 83C404                      add esp,4*1   
    27                                          
    28 0000000E 68[00000000]                push dword a
    29 00000013 68[0B000000]                push dword format1
    30 00000018 FF15[00000000]              call [scanf]
    31 0000001E 83C408                      add esp,4*2
    32                                      
    33 00000021 68[07000000]                push dword mesaj2
    34 00000026 FF15[00000000]              call [printf]
    35 0000002C 83C404                      add esp,4*1   
    36                                          
    37 0000002F 68[01000000]                push dword b
    38 00000034 68[0B000000]                push dword format1
    39 00000039 FF15[00000000]              call [scanf]
    40 0000003F 83C408                      add esp,4*2
    41                                      
    42 00000042 A0[00000000]                mov al,[a]
    43 00000047 668B1D[01000000]            mov bx,[b]
    44                                      
    45 0000004E B908000000                  mov ecx,8
    46                                      repeta:
    47 00000053 38D8                            cmp al,bl
    48 00000055 7510                            jne dupa 
    49 00000057 68[0E000000]                        push dword mesaj3
    50 0000005C FF15[00000000]                      call [printf]
    51 00000062 83C408                              add esp,4*2
    52 00000065 EB13                                jmp afara
    53                                          dupa:
    54 00000067 66D1EB                          shr bx,1
    55 0000006A E2E7                        loop repeta
    56                                      
    57 0000006C 68[11000000]                push dword mesaj4
    58 00000071 FF15[00000000]              call [printf]
    59 00000077 83C408                      add esp,4*2
    60                                     
    61                                      afara:
    62                                      
    63 0000007A 6A00                    push dword 0
    64 0000007C FF15[00000000]          call [exit]
