     1                                  ;Sa se citeasca de la tastatura doua numere a si b (in baza 10) si sa se calculeze a/b. Catul impartirii se va salva in memorie in variabila "rezultat" (definita in segmentul de date). Valorile se considera cu semn.
     2                                  
     3                                  bits 32
     4                                  global start
     5                                  extern exit,scanf,printf
     6                                  import exit msvcrt.dll
     7                                  import printf msvcrt.dll
     8                                  import scanf msvcrt.dll
     9                                  
    10                                  segment data use32 class=data
    11                                  
    12 00000000 <res 00000004>          a resd 1
    13 00000004 <res 00000004>          b resd 1
    14 00000008 <res 00000004>          rezultat resd 1
    15 0000000C 613D00                  mesaj1 db "a=", 0
    16 0000000F 623D00                  mesaj2 db "b=", 0
    17 00000012 72657A756C7461743D-     mesaj3 db "rezultat= %d", 0
    17 0000001B 20256400           
    18 0000001F 256400                  format db "%d", 0
    19                                  
    20                                  segment code use32 class=code
    21                                  
    22                                  start:
    23 00000000 68[0C000000]                push dword mesaj1
    24 00000005 FF15[00000000]              call [printf]
    25 0000000B 83C404                      add esp,4*1
    26                                  
    27 0000000E 68[00000000]                push dword a
    28 00000013 68[1F000000]                push dword format
    29 00000018 FF15[00000000]              call [scanf]
    30 0000001E 83C408                      add esp,4*2
    31                                      
    32 00000021 68[0F000000]                push dword mesaj2
    33 00000026 FF15[00000000]              call [printf]
    34 0000002C 83C404                      add esp,4*1
    35                                  
    36 0000002F 68[04000000]                push dword b
    37 00000034 68[1F000000]                push dword format
    38 00000039 FF15[00000000]              call [scanf]
    39 0000003F 83C408                      add esp,4*2
    40                                      
    41 00000042 A1[00000000]                mov eax,[a]
    42 00000047 F735[04000000]              div dword [b]
    43 0000004D C705[08000000]0000-         mov dword [rezultat], 0
    43 00000055 0000               
    44 00000057 660105[08000000]            add [rezultat],ax
    45                                      
    46 0000005E FF35[08000000]              push dword [rezultat]
    47 00000064 68[12000000]                push dword mesaj3
    48 00000069 FF15[00000000]              call [printf]
    49 0000006F 83C408                      add esp,4*2
    50                                  
    51 00000072 6A00                    push dword 0
    52 00000074 FF15[00000000]          call [exit]
