     1                                  ;Se citesc de la tastatura trei numere a, m si n (a: word, 0 <= m, n <= 15, m > n). Sa se izoleze bitii de la m-n ai lui a si sa se afiseze numarul intreg reprezentat de acesti bitii in baza 10.
     2                                  
     3                                  bits 32
     4                                  global start
     5                                  extern exit,printf,scanf
     6                                  import exit msvcrt.dll
     7                                  import printf msvcrt.dll
     8                                  import scanf msvcrt.dll
     9                                  
    10                                  segment data use32 class=data
    11                                  
    12 00000000 <res 00000002>          a resw 1
    13 00000002 <res 00000004>          m resd 1
    14 00000006 <res 00000004>          n resd 1
    15 0000000A 613D2000                mesaj1 db "a= ", 0
    16 0000000E 6D3D2000                mesaj2 db "m= ", 0
    17 00000012 6E3D2000                mesaj3 db "n= ", 0
    18 00000016 256400                  format1 db "%d", 0
    19 00000019 6E722066696E616C3D-     format2 db "nr final= %d", 0
    19 00000022 20256400           
    20                                  
    21                                  segment code use32 class=code
    22                                  
    23                                  start:
    24                                          
    25 00000000 68[0A000000]                push dword mesaj1
    26 00000005 FF15[00000000]              call [printf]
    27 0000000B 83C404                      add esp,4*1   
    28                                          
    29 0000000E 68[00000000]                push dword a
    30 00000013 68[16000000]                push dword format1
    31 00000018 FF15[00000000]              call [scanf]
    32 0000001E 83C408                      add esp,4*2
    33                                      
    34 00000021 68[0E000000]                push dword mesaj2
    35 00000026 FF15[00000000]              call [printf]
    36 0000002C 83C404                      add esp,4*1   
    37                                          
    38 0000002F 68[02000000]                push dword m
    39 00000034 68[16000000]                push dword format1
    40 00000039 FF15[00000000]              call [scanf]
    41 0000003F 83C408                      add esp,4*2
    42                                      
    43 00000042 68[12000000]                push dword mesaj3
    44 00000047 FF15[00000000]              call [printf]
    45 0000004D 83C404                      add esp,4*1   
    46                                          
    47 00000050 68[06000000]                push dword n
    48 00000055 68[16000000]                push dword format1
    49 0000005A FF15[00000000]              call [scanf]
    50 00000060 83C408                      add esp,4*2
    51                                      
    52 00000063 BB00000000                  mov ebx,0
    53 00000068 8B0D[02000000]              mov ecx,[m]
    54 0000006E 2B0D[06000000]              sub ecx,[n]
    55 00000074 66BAC771                    mov dx, 1111111111111111
    55          ******************       warning: word data exceeds bounds [-w+number-overflow]
    56                                      repeta:
    57 00000078 F8                              clc
    58 00000079 66D1EA                          shr dx,1
    59 0000007C E2FA                        loop repeta
    60                                      
    61 0000007E 668B1D[00000000]            mov bx,[a]
    62 00000085 6621D3                      and bx,dx
    63                                          
    64 00000088 53                          push dword ebx
    65 00000089 68[19000000]                push dword format2
    66 0000008E FF15[00000000]              call [printf]
    67 00000094 83C408                      add esp,4*2
    68                                      
    69 00000097 6A00                    push dword 0
    70 00000099 FF15[00000000]          call [exit]
