     1                                  ;Se dau doua numere naturale a si b (a, b: dword, definite in segmentul de date). Sa se calculeze suma lor si sa se afiseze in urmatorul format: "<a> + <b> = <result>" Exemplu: "1 + 2 = 3" Valorile vor fi afisate in
     2                                  
     3                                  bits 32
     4                                  global start
     5                                  extern exit,printf
     6                                  import exit msvcrt.dll
     7                                  import printf msvcrt.dll
     8                                  
     9                                  segment data use32 class=data
    10                                  
    11 00000000 0A000000                a dd 10
    12 00000004 0D000000                b dd 13
    13 00000008 <res 00000008>          rezultat resq 1
    14 00000010 2564202B202564203D-     mesaj db "%d + %d = %lld", 0
    14 00000019 20256C6C6400       
    15 0000001F 256400                  format db "%d", 0
    16                                  
    17                                  segment code use32 class=code
    18                                  
    19                                  start:
    20 00000000 BA00000000                  mov edx,0
    21 00000005 A1[00000000]                mov eax,[a]
    22 0000000A 0305[04000000]              add eax,[b]
    23 00000010 83D200                      adc edx, 0
    24 00000013 A3[08000000]                mov [rezultat],eax
    25 00000018 8915[0C000000]              mov [rezultat+4],edx
    26                                      
    27 0000001E FF35[0C000000]              push dword [rezultat+4]
    28 00000024 FF35[08000000]              push dword [rezultat]
    29 0000002A FF35[04000000]              push dword [b]
    30 00000030 FF35[00000000]              push dword [a]
    31 00000036 68[10000000]                push dword mesaj
    32 0000003B FF15[00000000]              call [printf]
    33 00000041 83C414                      add esp,4*5
    34 00000044 6A00                    push dword 0
    35 00000046 FF15[00000000]          call [exit]
