     1                                  ;Se dau doua numere naturale a si b (a, b: word, definite in segmentul de date). Sa se calculeze produsul lor si sa se afiseze in urmatorul format: "<a> * <b> = <result>" Exemplu: "2 * 4 = 8" Valorile vor fi afisate
     2                                  
     3                                  bits 32
     4                                  global start
     5                                  extern exit,printf
     6                                  import exit msvcrt.dll
     7                                  import printf msvcrt.dll
     8                                  
     9                                  segment data use32 class=data
    10                                  
    11 00000000 0A00                    a dw 10
    12 00000002 0D00                    b dw 13
    13 00000004 <res 00000004>          rezultat resd 1
    14 00000008 2564202A202564203D-     mesaj db "%d * %d = %d", 0
    14 00000011 20256400           
    15 00000015 256400                  format db "%d", 0
    16                                  
    17                                  segment code use32 class=code
    18                                  
    19                                  start:
    20                                  
    21 00000000 66A1[00000000]              mov ax,[a]
    22 00000006 66F72D[02000000]            imul word [b]
    23 0000000D 66A3[04000000]              mov [rezultat],ax
    24 00000013 668915[06000000]            mov [rezultat+2],dx
    25                                      
    26 0000001A B800000000                  mov eax,0
    27 0000001F 66A1[00000000]              mov ax,[a]
    28 00000025 BB00000000                  mov ebx,0
    29 0000002A 668B1D[02000000]            mov bx,[b]
    30                                      
    31 00000031 FF35[04000000]              push dword [rezultat]
    32 00000037 53                          push dword ebx
    33 00000038 50                          push dword eax
    34 00000039 68[08000000]                push dword mesaj
    35 0000003E FF15[00000000]              call [printf]
    36 00000044 83C410                      add esp,4*4
    37                                      
    38 00000047 6A00                    push dword 0
    39 00000049 FF15[00000000]          call [exit]
