     1                                  ;Se dau doua numere natural a si b (a: dword, b: word, definite in segmentul de date). Sa se calculeze a/b si sa se afiseze restul impartirii in urmatorul format: "<a> mod <b> = <rest>" Exemplu: pentru a = 23 si b =
     2                                  
     3                                  bits 32
     4                                  global start
     5                                  extern exit,printf
     6                                  import exit msvcrt.dll
     7                                  import printf msvcrt.dll
     8                                  
     9                                  segment data use32 class=data
    10                                  
    11 00000000 17000000                a dd 23
    12 00000004 0500                    b dw 5
    13 00000006 <res 00000002>          res resw 1
    14 00000008 2564206D6F64202564-     mesaj db "%d mod %d = %d", 0
    14 00000011 203D20256400       
    15                                  
    16                                  segment code use32 class=code
    17                                  
    18                                  start:
    19 00000000 B800000000                  mov eax,0
    20 00000005 BA00000000                  mov edx, 0
    21 0000000A 66A1[00000000]              mov ax,[a]
    22 00000010 668B15[02000000]            mov dx,[a+2]
    23 00000017 66F73D[04000000]            idiv word [b]
    24 0000001E 668915[06000000]            mov [res],dx
    25                                       
    26 00000025 BB00000000                  mov ebx, 0
    27 0000002A 668B1D[04000000]            mov bx,[b]
    28                                      
    29 00000031 52                          push dword edx
    30 00000032 53                          push dword ebx
    31 00000033 FF35[00000000]              push dword [a]
    32 00000039 68[08000000]                push dword mesaj
    33 0000003E FF15[00000000]              call [printf]
    34 00000044 83C40C                      add esp,4*3
    35                                      
    36 00000047 6A00                    push dword 0
    37 00000049 FF15[00000000]          call [exit]
