     1                                  ; Se dau doua siruri de caractere ordonate alfabetic s1 si s2. Sa se construiasca prin interclasare sirul ordonat s3 care sa contina toate elementele din s1 si s2.
     2                                  
     3                                  bits 32 
     4                                  global start
     5                                  extern exit 
     6                                  import exit msvcrt.dll 
     7                                  segment data use32 class=data
     8                                  
     9 00000000 6164666D707A            s1 db 'a','d','f','m','p','z'
    10 00000006 6263676C6E6F            s2 db 'b','c','g','l','n','o'
    11                                  lung equ $-s1
    12                                  lung2 equ $-s2
    13 0000000C 00<rept>                s3 times lung db 0
    14                                    
    15                                  segment code use32 class=code
    16                                  start:
    17                                  
    18 00000000 B90B000000                  mov ecx,lung-1
    19 00000005 BE00000000                  mov esi,0
    20 0000000A BB00000000                  mov ebx,0
    21 0000000F BF[0C000000]                mov edi,s3
    22 00000014 E337                        jecxz sfarsit
    23                                      repeta:
    24 00000016 B800000000                      mov eax,0
    25 0000001B BA00000000                      mov edx,0
    26 00000020 8A86[00000000]                  mov al, [s1+esi]
    27 00000026 8A93[06000000]                  mov dl, [s2+ebx]
    28 0000002C 38D0                            cmp al,dl
    29 0000002E 7704                                ja mai_mare
    30 00000030 AA                                  stosb
    31 00000031 46                                  inc esi
    32 00000032 EB04                                jmp urmatorul
    33                                          mai_mare:
    34 00000034 8817                            mov [edi],dl
    35 00000036 43                              inc ebx
    36 00000037 47                              inc edi
    37                                          urmatorul:
    38 00000038 E2DC                        loop repeta
    39 0000003A BB06000000                  mov ebx,lung2
    40 0000003F 8B4FF4                      mov ecx,[edi-lung]
    41 00000042 39DE                        cmp esi,ebx
    42 00000044 7E04                            jle egal
    43                                              din_nou:
    44 00000046 8817                                    mov [edi],dl
    45 00000048 E2FC                                loop din_nou
    46                                          egal:
    47                                          din_nou2:
    48 0000004A AA                                  stosb
    49 0000004B E2FD                            loop din_nou2
    50                                      sfarsit:
    51 0000004D 6A00                    push dword 0 
    52 0000004F FF15[00000000]          call [exit] 
