     1                                  bits 32 
     2                                  global start
     3                                  extern exit 
     4                                  import exit msvcrt.dll 
     5                                  segment data use32 class=data
     6                                  ;calculati 4*4
     7                                  
     8 00000000 04                      a db 4
     9 00000001 04                      b db 4
    10                                  
    11                                  segment code use32 class=code
    12                                  start:
    13                                  
    14 00000000 8A25[00000000]          mov ah, [a]
    15 00000006 A0[01000000]            mov al, [b]
    16 0000000B F6E4                    mul ah
    17                                      
    18 0000000D 6A00                    push dword 0 
    19 0000000F FF15[00000000]          call [exit] 
