     1                                  bits 32 
     2                                  global start
     3                                  extern exit 
     4                                  import exit msvcrt.dll 
     5                                  segment data use32 class=data
     6                                  ;calculati (a+b+b)+(c-d) cu a,b,c,d - word
     7                                  
     8 00000000 0D00                    a dw 13
     9 00000002 0F00                    b dw 15
    10 00000004 1100                    c dw 17
    11 00000006 0B00                    d dw 11
    12                                  
    13                                  segment code use32 class=code
    14                                  start:
    15                                  
    16 00000000 66A1[00000000]          mov ax, [a]
    17 00000006 660305[02000000]        add ax, [b]
    18 0000000D 660305[02000000]        add ax, [b]
    19 00000014 668B1D[04000000]        mov bx, [c]
    20 0000001B 662B1D[06000000]        sub bx, [d]
    21 00000022 6601D8                  add ax, bx
    22                                      
    23 00000025 6A00                    push dword 0 
    24 00000027 FF15[00000000]          call [exit] 
