     1                                  bits 32 
     2                                  global _ex
     3                                  
     4                                  segment data use32 class=data
     5                                    
     6                                  segment code use32 class=code
     7                                  
     8                                  _ex:
     9                                      ;creare cadru de stiva pentru programul apelat
    10 00000000 55                          push ebp
    11 00000001 89E5                        mov ebp,esp
    12                                      
    13 00000003 8B4508                      mov eax,[ebp+8]
    14 00000006 BB30000000                  mov ebx,'0'
    15 0000000B 29D8                        sub eax, ebx
    16                                  
    17                                      ;refacem cadrul de stiva pentru programul apelant
    18 0000000D 89EC                        mov esp, ebp
    19 0000000F 5D                          pop ebp
    20                                      
    21 00000010 C3                          ret
