     1                                  ;Sa se citeasca de la tastatura doua numere a si b (in baza 10) si sa se calculeze: (a+b) * (a-b). Rezultatul inmultirii se va salva in memorie in variabila "rezultat" (definita in segmentul de date).
     2                                  
     3                                  bits 32
     4                                  global start
     5                                  extern exit,printf,scanf
     6                                  import exit msvcrt.dll
     7                                  import printf msvcrt.dll
     8                                  import scanf msvcrt.dll
     9                                  
    10                                  segment data use32 class=data
    11                                  
    12 00000000 <res 00000004>          a resd 1
    13 00000004 <res 00000004>          b resd 1
    14 00000008 <res 00000008>          rezultat resq 1
    15 00000010 613D2000                mesaj1 db "a= ", 0
    16 00000014 623D2000                mesaj2 db "b= ", 0
    17 00000018 256400                  format1 db "%d", 0
    18 0000001B 72657A756C7461743D-     format2 db "rezultat= %lld", 0
    18 00000024 20256C6C6400       
    19                                  
    20                                  segment code use32 class=code
    21                                  
    22                                  start:
    23                                          
    24 00000000 68[10000000]                push dword mesaj1
    25 00000005 FF15[00000000]              call [printf]
    26 0000000B 83C404                      add esp,4*1   
    27                                          
    28 0000000E 68[00000000]                push dword a
    29 00000013 68[18000000]                push dword format1
    30 00000018 FF15[00000000]              call [scanf]
    31 0000001E 83C408                      add esp,4*2
    32                                      
    33 00000021 68[14000000]                push dword mesaj2
    34 00000026 FF15[00000000]              call [printf]
    35 0000002C 83C404                      add esp,4*1   
    36                                          
    37 0000002F 68[04000000]                push dword b
    38 00000034 68[18000000]                push dword format1
    39 00000039 FF15[00000000]              call [scanf]
    40 0000003F 83C408                      add esp,4*2
    41                                      
    42 00000042 A1[00000000]                mov eax,[a]
    43 00000047 0305[04000000]              add eax,[b]
    44 0000004D 8B1D[00000000]              mov ebx,[a]
    45 00000053 2B1D[04000000]              sub ebx,[b]
    46 00000059 F7EB                        imul ebx
    47                                      
    48 0000005B A3[08000000]                mov [rezultat],eax
    49 00000060 8915[0C000000]              mov [rezultat+4],edx    
    50                                          
    51 00000066 FF35[0C000000]              push dword [rezultat+4]
    52 0000006C FF35[08000000]              push dword [rezultat]
    53 00000072 68[1B000000]                push dword format2
    54 00000077 FF15[00000000]              call [printf]
    55 0000007D 83C408                      add esp,4*2
    56                                      
    57 00000080 6A00                    push dword 0
    58 00000082 FF15[00000000]          call [exit]
