     1                                  ;Sa se citeasca de la tastatura doua numere a si b de tip word. Sa se afiseze in baza 16 numarul c de tip dword pentru care partea low este suma celor doua numere, iar partea high este diferenta celor doua numere. E
     2                                  
     3                                  bits 32
     4                                  global start
     5                                  extern exit,printf,scanf
     6                                  import exit msvcrt.dll
     7                                  import printf msvcrt.dll
     8                                  import scanf msvcrt.dll
     9                                  
    10                                  segment data use32 class=data
    11                                  
    12 00000000 <res 00000002>          a resw 1
    13 00000002 <res 00000002>          b resw 1
    14 00000004 00000000                c dd 0
    15 00000008 613D2000                mesaj1 db "a= ", 0
    16 0000000C 623D2000                mesaj2 db "b= ", 0
    17 00000010 256400                  format1 db "%d", 0
    18 00000013 633D20257800            format2 db "c= %x", 0
    19                                  
    20                                  segment code use32 class=code
    21                                  
    22                                  start:
    23                                          
    24 00000000 68[08000000]                push dword mesaj1
    25 00000005 FF15[00000000]              call [printf]
    26 0000000B 83C404                      add esp,4*1   
    27                                          
    28 0000000E 68[00000000]                push dword a
    29 00000013 68[10000000]                push dword format1
    30 00000018 FF15[00000000]              call [scanf]
    31 0000001E 83C408                      add esp,4*2
    32                                      
    33 00000021 68[0C000000]                push dword mesaj2
    34 00000026 FF15[00000000]              call [printf]
    35 0000002C 83C404                      add esp,4*1   
    36                                          
    37 0000002F 68[02000000]                push dword b
    38 00000034 68[10000000]                push dword format1
    39 00000039 FF15[00000000]              call [scanf]
    40 0000003F 83C408                      add esp,4*2
    41                                      
    42 00000042 66A1[00000000]              mov ax,[a]
    43 00000048 660305[02000000]            add ax,[b]
    44 0000004F 668B1D[00000000]            mov bx,[a]
    45 00000056 662B1D[02000000]            sub bx,[b]
    46                                      
    47 0000005D 660105[04000000]            add [c],ax
    48 00000064 66111D[06000000]            adc [c+2],bx   
    49                                          
    50 0000006B FF35[04000000]              push dword [c]
    51 00000071 68[13000000]                push dword format2
    52 00000076 FF15[00000000]              call [printf]
    53 0000007C 83C408                      add esp,4*2
    54                                      
    55 0000007F 6A00                    push dword 0
    56 00000081 FF15[00000000]          call [exit]
