     1                                  ;Sa se citeasca de la tastatura doua numere a si b (in baza 10) şi să se determine relaţia de ordine dintre ele (a < b, a = b sau a > b). Afisati rezultatul în următorul format: "<a> < <b>, <a> = <b> sau <a> > 
     2                                  
     3                                  bits 32
     4                                  global start
     5                                  extern exit,printf,scanf
     6                                  import exit msvcrt.dll
     7                                  import printf msvcrt.dll
     8                                  import scanf msvcrt.dll
     9                                  
    10                                  segment data use32 class=data
    11                                  
    12 00000000 <res 00000004>          a resd 1
    13 00000004 <res 00000004>          b resd 1
    14 00000008 613D2000                mesaj1 db "a= ", 0
    15 0000000C 623D2000                mesaj2 db "b= ", 0
    16 00000010 256400                  format1 db "%d", 0
    17 00000013 2564203D20256400        format2 db "%d = %d", 0
    18 0000001B 2564203E20256400        format3 db "%d > %d", 0
    19 00000023 2564203C20256400        format4 db "%d < %d", 0
    20                                  
    21                                  segment code use32 class=code
    22                                  
    23                                  start:
    24                                          
    25 00000000 68[08000000]                push dword mesaj1
    26 00000005 FF15[00000000]              call [printf]
    27 0000000B 83C404                      add esp,4*1   
    28                                          
    29 0000000E 68[00000000]                push dword a
    30 00000013 68[10000000]                push dword format1
    31 00000018 FF15[00000000]              call [scanf]
    32 0000001E 83C408                      add esp,4*2
    33                                      
    34 00000021 68[0C000000]                push dword mesaj2
    35 00000026 FF15[00000000]              call [printf]
    36 0000002C 83C404                      add esp,4*1   
    37                                          
    38 0000002F 68[04000000]                push dword b
    39 00000034 68[10000000]                push dword format1
    40 00000039 FF15[00000000]              call [scanf]
    41 0000003F 83C408                      add esp,4*2
    42                                      
    43 00000042 A1[00000000]                mov eax,[a]
    44 00000047 8B1D[04000000]              mov ebx,[b]
    45 0000004D 39D8                        cmp eax,ebx  
    46 0000004F 743A                        je egal
    47 00000051 7C1C                        jl maimic
    48 00000053 FF35[04000000]                  push dword [b]
    49 00000059 FF35[00000000]                  push dword [a]
    50 0000005F 68[1B000000]                    push dword format3
    51 00000064 FF15[00000000]                  call [printf]
    52 0000006A 83C40C                          add esp,4*3
    53 0000006D EB38                            jmp afara
    54                                      
    55                                      maimic:
    56 0000006F FF35[04000000]              push dword [b]
    57 00000075 FF35[00000000]              push dword [a]
    58 0000007B 68[23000000]                push dword format4
    59 00000080 FF15[00000000]              call [printf]
    60 00000086 83C40C                      add esp,4*3
    61 00000089 EB1C                        jmp afara
    62                                      
    63                                      egal:    
    64 0000008B FF35[04000000]              push dword [b]
    65 00000091 FF35[00000000]              push dword [a]
    66 00000097 68[13000000]                push dword format2
    67 0000009C FF15[00000000]              call [printf]
    68 000000A2 83C40C                      add esp,4*3
    69 000000A5 EB00                        jmp afara
    70                                      
    71                                      afara:
    72                                      
    73 000000A7 6A00                    push dword 0
    74 000000A9 FF15[00000000]          call [exit]
