     1                                  ;Se da un nume de fisier (definit in segmentul de date). Sa se creeze un fisier cu numele dat, apoi sa se citeasca de la tastatura numere si sa se scrie din valorile citite in fisier numerele divizibile cu 7, pana c
     2                                  
     3                                  bits 32
     4                                  global start
     5                                  extern exit,fclose,fprintf,fopen,scanf
     6                                  import exit msvcrt.dll
     7                                  import fclose msvcrt.dll
     8                                  import fprintf msvcrt.dll
     9                                  import fopen msvcrt.dll
    10                                  import scanf msvcrt.dll
    11                                  
    12                                  segment data use32 class=data
    13                                  
    14 00000000 31372E74787400          nume_fisier db "17.txt", 0
    15 00000007 7700                    mod_acces db "w", 0
    16 00000009 FFFFFFFF                descriptor dd -1
    17                                  len equ 101
    18 0000000D 00000000<rept>          text times len dd 0
    19 000001A1 00000000<rept>          text2 times len dd 0
    20 00000335 256400                  format db "%d",0
    21                                  
    22                                  segment code use32 class=code
    23                                  
    24                                  diviz:             ;daca se imparte cl=0
    25 00000000 BA00000000                  mov edx,0
    26 00000005 B100                        mov cl,0
    27 00000007 BB07000000                  mov ebx,7
    28 0000000C F7F3                        div ebx
    29 0000000E 83FA00                      cmp edx,0
    30 00000011 7402                            je afara
    31 00000013 B101                        mov cl,1
    32                                      afara:
    33 00000015 C3                      ret
    34                                  
    35                                  start:
    36                                          
    37 00000016 68[07000000]                push dword mod_acces
    38 0000001B 68[00000000]                push dword nume_fisier
    39 00000020 FF15[00000000]              call [fopen]
    40 00000026 83C408                      add esp,4*2
    41 00000029 A3[09000000]                mov [descriptor],eax
    42                                      
    43 0000002E 83F800                      cmp eax,0
    44 00000031 7465                            je final
    45                                      
    46 00000033 B965000000                  mov ecx,len
    47 00000038 BE[0D000000]                mov esi,text
    48 0000003D BF[A1010000]                mov edi,text2
    49                                      repeta: 
    50 00000042 51                              push ecx
    51                                      
    52 00000043 68[0D000000]                    push dword text
    53 00000048 68[35030000]                    push dword format
    54 0000004D FF15[00000000]                  call [scanf]
    55 00000053 83C408                          add esp,4*2
    56                                          
    57 00000056 AD                              lodsd
    58 00000057 B900000000                      mov ecx,0
    59 0000005C 83F800                          cmp eax,0
    60 0000005F 7414                                je gata
    61 00000061 E89AFFFFFF                      call diviz
    62 00000066 80F900                          cmp cl,0
    63 00000069 7507                                jne urm
    64 0000006B AB                              stosd
    65 0000006C B820000000                      mov eax,' '
    66 00000071 AB                              stosd
    67                                          urm:
    68                                          
    69 00000072 59                              pop ecx
    70 00000073 E2CD                        loop repeta
    71                                      gata:
    72                                      
    73 00000075 68[A1010000]                push dword text2
    74 0000007A FF35[09000000]              push dword [descriptor]
    75 00000080 FF15[00000000]              call [fprintf]
    76 00000086 83C408                      add esp,4*2
    77                                      
    78 00000089 FF35[09000000]              push dword [descriptor]
    79 0000008F FF15[00000000]              call [fclose]
    80 00000095 83C404                      add esp,4*1
    81                                      
    82                                      final:
    83 00000098 6A00                    push dword 0
    84 0000009A FF15[00000000]          call [exit]
