     1                                  ;Se da un fisier text. Sa se citeasca continutul fisierului, sa se determine cifra cu cea mai mare frecventa si sa se afiseze acea cifra impreuna cu frecventa acesteia. Numele fisierului text este definit in segment
     2                                  
     3                                  bits 32
     4                                  global start
     5                                  extern exit,printf,fclose,fread,fopen
     6                                  import exit msvcrt.dll
     7                                  import printf msvcrt.dll
     8                                  import fclose msvcrt.dll
     9                                  import fread msvcrt.dll
    10                                  import fopen msvcrt.dll
    11                                  
    12                                  segment data use32 class=data
    13                                  
    14 00000000 362E74787400            nume_fisier db "6.txt", 0
    15 00000006 7200                    mod_acces db "r", 0
    16 00000008 FF                      descriptor db -1
    17                                  len equ 100
    18 00000009 00<rept>                text times len db 0 
    19                                  
    20 0000006D 00000000                max dd 0
    21 00000071 00000000                cif dd 0
    22 00000075 00000000                c dd 0
    23 00000079 00000000                nr dd 0
    24 0000007D 00000000                l dd 0
    25 00000081 63696672613D202564-     format db "cifra= %d, frecventa= %d", 0
    25 0000008A 2C206672656376656E-
    25 00000093 74613D20256400     
    26                                  
    27                                  segment code use32 class=code
    28                                  
    29                                  start:
    30                                          
    31 00000000 68[06000000]                push dword mod_acces
    32 00000005 68[00000000]                push dword nume_fisier
    33 0000000A FF15[00000000]              call [fopen]
    34 00000010 83C408                      add esp,4*2
    35 00000013 A3[08000000]                mov [descriptor],eax
    36                                      
    37 00000018 83F800                      cmp eax,0
    38 0000001B 0F84AB000000                je final
    39                                      
    40 00000021 FF35[08000000]              push dword [descriptor]
    41 00000027 6A64                        push dword len
    42 00000029 6A01                        push dword 1
    43 0000002B 68[09000000]                push dword text
    44 00000030 FF15[00000000]              call [fread]
    45 00000036 83C410                      add esp,4*4
    46                                      
    47 00000039 A3[7D000000]                mov [l],eax
    48                                      
    49 0000003E B90A000000                  mov ecx,10
    50                                      repetare:
    51 00000043 890D[75000000]                  mov [c],ecx
    52 00000049 832D[75000000]01                sub dword [c],1
    53 00000050 60                              pushad
    54 00000051 BE[09000000]                    mov esi,text
    55 00000056 8B0D[7D000000]                  mov ecx,[l]
    56                                          repeta:
    57 0000005C B800000000                          mov eax,0
    58 00000061 AC                                  lodsb
    59 00000062 2C30                                sub al,'0'
    60 00000064 3B05[75000000]                      cmp eax,[c]
    61 0000006A 7506                                jne dupa
    62 0000006C FF05[79000000]                          inc dword [nr]
    63                                              dupa:
    64 00000072 E2E8                            loop repeta    
    65 00000074 61                              popad
    66 00000075 8B15[79000000]                  mov edx,[nr]
    67 0000007B 8B1D[6D000000]                  mov ebx,[max]
    68 00000081 39DA                            cmp edx,ebx
    69 00000083 7E12                            jle afara
    70 00000085 8915[6D000000]                      mov dword [max],edx
    71 0000008B 8B1D[75000000]                      mov ebx, [c]
    72 00000091 891D[71000000]                      mov dword [cif],ebx
    73                                          afara:
    74 00000097 C705[79000000]0000-             mov dword [nr],0
    74 0000009F 0000               
    75 000000A1 E2A0                        loop repetare
    76                                      
    77 000000A3 FF35[6D000000]              push dword [max]
    78 000000A9 FF35[71000000]              push dword [cif]
    79 000000AF 68[81000000]                push dword format
    80 000000B4 FF15[00000000]              call [printf]
    81 000000BA 83C40C                      add esp,4*3
    82                                      
    83 000000BD FF35[08000000]              push dword [descriptor]
    84 000000C3 FF15[00000000]              call [fclose]
    85 000000C9 83C404                      add esp,4*1
    86                                      
    87                                      final:
    88                                      
    89 000000CC 6A00                    push dword 0
    90 000000CE FF15[00000000]          call [exit]
