     1                                  bits 32 
     2                                  global start
     3                                  extern exit 
     4                                  import exit msvcrt.dll 
     5                                  segment data use32 class=data
     6                                  
     7                                  ;Se dau octetul A si cuvantul B. Sa se obtina dublucuvantul C:
     8                                  ;bitii 0-7 ai lui C au valoarea 1
     9                                  ;bitii 8-11 ai lui C coincid cu bitii 4-7 ai lui A
    10                                  ;bitii 12-19 coincid cu bitii 2-9 ai lui B
    11                                  ;bitii 20-23 coincid cu bitii 0-3 ai lui A
    12                                  ;bitii 24-31 coincid cu octetului high din cuvantul B
    13                                  
    14 00000000 2E                      a db 00101110b
    15 00000001 D263                    b dw 0110001111010010b
    16 00000003 <res 00000004>          c resw 2 
    17                                    
    18                                  segment code use32 class=code
    19                                  start:
    20                                  
    21                                  ;calculam in ebx dublucuvantul c
    22 00000000 BB00000000              mov ebx, 0
    23                                  
    24                                  ;bitii 0-7 ai lui C au valoarea 1
    25 00000005 80CBFF                  or bl, 11111111b
    26                                  
    27                                  ;bitii 8-11 ai lui C coincid cu bitii 4-7 ai lui A
    28 00000008 66B80000                mov ax, 0
    29 0000000C A0[00000000]            mov al, [a]
    30 00000011 24F0                    and al, 11110000b
    31 00000013 66C1C004                rol ax, 4
    32 00000017 6609C3                  or bx, ax
    33                                  
    34                                  ;bitii 12-19 coincid cu bitii 2-9 ai lui B
    35 0000001A B800000000              mov eax, 0
    36 0000001F 66A1[01000000]          mov ax, [b]
    37 00000025 6625FC03                and ax, 0000001111111100b
    38 00000029 C1C00A                  rol eax,10
    39 0000002C 09C3                    or ebx, eax
    40                                  
    41                                  ;bitii 20-23 coincid cu bitii 0-3 ai lui A
    42 0000002E B800000000              mov eax, 0
    43 00000033 A0[00000000]            mov al, [a]
    44 00000038 240F                    and al, 00001111b
    45 0000003A C1C014                  rol eax, 20
    46 0000003D 09C3                    or ebx, eax
    47                                  
    48                                  ;bitii 24-31 coincid cu octetului high din cuvantul B
    49 0000003F B800000000              mov eax, 0
    50 00000044 66A1[01000000]          mov ax, [b]
    51 0000004A 662500FF                and ax,1111111100000000b
    52 0000004E C1C010                  rol eax,16
    53 00000051 09C3                    or ebx,eax
    54                                    
    55 00000053 6A00                    push dword 0 
    56 00000055 FF15[00000000]          call [exit] 
