     1                                  ;Se dau un nume de fisier si un text (definite in segmentul de date). Textul contine litere mici si spatii. Sa se inlocuiasca toate literele de pe pozitii pare cu numarul pozitiei. Sa se creeze un fisier cu numele d
     2                                  
     3                                  bits 32
     4                                  global start
     5                                  extern exit,fclose,fprintf,fopen
     6                                  import exit msvcrt.dll
     7                                  import fclose msvcrt.dll
     8                                  import fprintf msvcrt.dll
     9                                  import fopen msvcrt.dll
    10                                  
    11                                  segment data use32 class=data
    12                                  
    13 00000000 32302E74787400          nume_fisier db "20.txt", 0
    14 00000007 7700                    mod_acces db "w", 0
    15 00000009 FFFFFFFF                descriptor dd -1
    16 0000000D 616E6120617265206D-     text db "ana are mere", 0
    16 00000016 65726500           
    17                                  len equ $-text-1
    18 0000001A 00<rept>                text2 times len db 0
    19                                  
    20                                  segment code use32 class=code
    21                                  
    22                                  par:
    23 00000000 88DA                        mov dl,bl
    24 00000002 F8                          clc
    25 00000003 D0EA                        shr dl,1
    26 00000005 7204                            jc dupa
    27 00000007 88D8                        mov al,bl
    28 00000009 0430                        add al,'0'
    29                                      dupa:
    30 0000000B C3                      ret
    31                                  
    32                                  start:
    33                                          
    34 0000000C 68[07000000]                push dword mod_acces
    35 00000011 68[00000000]                push dword nume_fisier
    36 00000016 FF15[00000000]              call [fopen]
    37 0000001C 83C408                      add esp,4*2
    38 0000001F A3[09000000]                mov [descriptor],eax
    39                                      
    40 00000024 83F800                      cmp eax,0
    41 00000027 7445                        je final
    42                                  
    43 00000029 B90C000000                  mov ecx,len
    44 0000002E BF[1A000000]                mov edi,text2
    45 00000033 BE[0D000000]                mov esi,text
    46 00000038 66BB0000                    mov bx,0
    47                                      repeta:
    48 0000003C AC                              lodsb
    49 0000003D 3C20                            cmp al,' '
    50 0000003F 7405                                je urm1
    51 00000041 E8BAFFFFFF                      call par
    52                                          urm1:
    53 00000046 FEC3                            inc bl
    54 00000048 AA                              stosb
    55 00000049 E2F1                        loop repeta
    56                                      
    57 0000004B 68[1A000000]                push dword text2
    58 00000050 FF35[09000000]              push dword [descriptor]
    59 00000056 FF15[00000000]              call [fprintf]
    60 0000005C 83C408                      add esp,4*2
    61                                      
    62 0000005F FF35[09000000]              push dword [descriptor]
    63 00000065 FF15[00000000]              call [fclose]
    64 0000006B 83C404                      add esp,4*1
    65                                      
    66                                      final:
    67 0000006E 6A00                    push dword 0
    68 00000070 FF15[00000000]          call [exit]
